[slimhamdi.net/tunis-tailwind/demos/light.html]
[backblue.gif]
[fade.gif]
[index.html]
[slimhamdi.net/tunis-tailwind/demos/assets/css/circle.css]
[slimhamdi.net/tunis-tailwind/demos/assets/css/font-awesome.min.css]
[slimhamdi.net/tunis-tailwind/demos/assets/css/component.css]
[slimhamdi.net/tunis-tailwind/demos/assets/css/style.css]
[slimhamdi.net/tunis-tailwind/demos/assets/css/skins/green.css]
[slimhamdi.net/tunis-tailwind/demos/assets/css/skins/blue.css]
[slimhamdi.net/tunis-tailwind/demos/assets/css/skins/yellow.css]
[slimhamdi.net/tunis-tailwind/demos/assets/css/skins/blueviolet.css]
[slimhamdi.net/tunis-tailwind/demos/assets/css/skins/goldenrod.css]
[slimhamdi.net/tunis-tailwind/demos/assets/css/skins/magenta.css]
[slimhamdi.net/tunis-tailwind/demos/assets/css/skins/orange.css]
[slimhamdi.net/tunis-tailwind/demos/assets/css/skins/purple.css]
[slimhamdi.net/tunis-tailwind/demos/assets/css/skins/red.css]
[slimhamdi.net/tunis-tailwind/demos/assets/css/skins/yellowgreen.css]
[slimhamdi.net/tunis-tailwind/demos/assets/css/styleswitcher.css]
[slimhamdi.net/tunis-tailwind/demos/assets/js/modernizr.min.js]
[slimhamdi.net/tunis-tailwind/demos/assets/img/styleswitcher/purple.png]
[slimhamdi.net/tunis-tailwind/demos/assets/img/styleswitcher/red.png]
[slimhamdi.net/tunis-tailwind/demos/assets/img/styleswitcher/blueviolet.png]
[slimhamdi.net/tunis-tailwind/demos/assets/img/styleswitcher/blue.png]
[slimhamdi.net/tunis-tailwind/demos/assets/img/styleswitcher/goldenrod.png]
[slimhamdi.net/tunis-tailwind/demos/assets/img/styleswitcher/magenta.png]
[slimhamdi.net/tunis-tailwind/demos/assets/img/styleswitcher/yellowgreen.png]
[slimhamdi.net/tunis-tailwind/demos/assets/img/styleswitcher/orange.png]
[slimhamdi.net/tunis-tailwind/demos/assets/img/styleswitcher/green.png]
[slimhamdi.net/tunis-tailwind/demos/assets/img/styleswitcher/yellow.png]
[slimhamdi.net/tunis-tailwind/demos/assets/img/light.jpg]
[slimhamdi.net/tunis-tailwind/demos/assets/img/img-mobile-light.jpg]
[slimhamdi.net/tunis-tailwind/demos/assets/img/projects/project-1.jpg]
[slimhamdi.net/tunis-tailwind/demos/assets/img/projects/project-2.jpg]
[slimhamdi.net/tunis-tailwind/demos/assets/img/projects/project-3.jpg]
[slimhamdi.net/tunis-tailwind/demos/assets/img/projects/project-4.jpg]
[slimhamdi.net/tunis-tailwind/demos/assets/img/projects/project-5.jpg]
[slimhamdi.net/tunis-tailwind/demos/assets/img/projects/project-6.jpg]
[slimhamdi.net/tunis-tailwind/demos/assets/img/projects/project-7.jpg]
[slimhamdi.net/tunis-tailwind/demos/assets/img/projects/project-8.jpg]
[slimhamdi.net/tunis-tailwind/demos/assets/img/projects/project-9.jpg]
[slimhamdi.net/tunis-tailwind/demos/assets/img/projects/video.mp4]
[slimhamdi.net/tunis-tailwind/demos/assets/img/projects/navigation/left-arrow-light.png]
[slimhamdi.net/tunis-tailwind/demos/assets/img/projects/navigation/right-arrow-light.png]
[slimhamdi.net/tunis-tailwind/demos/assets/img/projects/navigation/close-button-light.png]
[slimhamdi.net/tunis-tailwind/demos/assets/img/blog/blog-post-1.jpg]
[slimhamdi.net/tunis-tailwind/demos/assets/img/blog/blog-post-2.jpg]
[slimhamdi.net/tunis-tailwind/demos/assets/img/blog/blog-post-3.jpg]
[slimhamdi.net/tunis-tailwind/demos/assets/img/blog/blog-post-4.jpg]
[slimhamdi.net/tunis-tailwind/demos/assets/img/blog/blog-post-5.jpg]
[slimhamdi.net/tunis-tailwind/demos/assets/img/blog/blog-post-6.jpg]
[slimhamdi.net/tunis-tailwind/demos/assets/js/jquery-3.7.1.min.js]
[slimhamdi.net/tunis-tailwind/demos/assets/js/styleswitcher.js]
[slimhamdi.net/tunis-tailwind/demos/assets/js/imagesloaded.pkgd.min.js]
[slimhamdi.net/tunis-tailwind/demos/assets/js/masonry.pkgd.min.js]
[slimhamdi.net/tunis-tailwind/demos/assets/js/classie.js]
[slimhamdi.net/tunis-tailwind/demos/assets/js/main.js]
[slimhamdi.net/tunis-tailwind/demos/assets/js/cbpGridGallery.js]
[slimhamdi.net/tunis-tailwind/demos/assets/js/jquery.hoverdir.js]
[slimhamdi.net/tunis-tailwind/demos/assets/js/menu.js]
[slimhamdi.net/tunis-tailwind/demos/assets/js/custom.js]
[slimhamdi.net/tunis-tailwind/demos/light.html]
[slimhamdi.net/tunis-tailwind/demos/assets/css/circle.css]
[slimhamdi.net/tunis-tailwind/demos/assets/fonts/fontawesome-webfont3e6e.eot]
[slimhamdi.net/tunis-tailwind/demos/assets/fonts/fontawesome-webfontd41d.eot]
[slimhamdi.net/tunis-tailwind/demos/assets/fonts/fontawesome-webfont3e6e.woff]
[slimhamdi.net/tunis-tailwind/demos/assets/fonts/fontawesome-webfont3e6e.ttf]
[slimhamdi.net/tunis-tailwind/demos/assets/css/font-awesome.min.css]
[slimhamdi.net/tunis-tailwind/demos/assets/css/component.css]
[slimhamdi.net/tunis-tailwind/demos/assets/css/style.css]
[slimhamdi.net/tunis-tailwind/demos/assets/css/skins/green.css]
[slimhamdi.net/tunis-tailwind/demos/assets/css/skins/blue.css]
[slimhamdi.net/tunis-tailwind/demos/assets/css/skins/yellow.css]
[slimhamdi.net/tunis-tailwind/demos/assets/css/skins/blueviolet.css]
[slimhamdi.net/tunis-tailwind/demos/assets/css/skins/goldenrod.css]
[slimhamdi.net/tunis-tailwind/demos/assets/css/skins/magenta.css]
[slimhamdi.net/tunis-tailwind/demos/assets/css/skins/orange.css]
[slimhamdi.net/tunis-tailwind/demos/assets/css/skins/purple.css]
[slimhamdi.net/tunis-tailwind/demos/assets/css/skins/red.css]
[slimhamdi.net/tunis-tailwind/demos/assets/css/skins/yellowgreen.css]
[slimhamdi.net/tunis-tailwind/demos/assets/css/styleswitcher.css]
[slimhamdi.net/tunis-tailwind/demos/about.html]
[slimhamdi.net/tunis-tailwind/demos/blog-post.html]
[slimhamdi.net/tunis-tailwind/demos/assets/fonts/fontawesome-webfont3e6e.html]
[slimhamdi.net/tunis-tailwind/demos/assets/fonts/fontawesome-webfont3e6e.svg]
[slimhamdi.net/tunis-tailwind/demos/assets/img/slider/1.html]
[slimhamdi.net/tunis-tailwind/demos/assets/img/subscribe/dots.html]
[slimhamdi.net/tunis-tailwind/demos/assets/img/testimonials/bg-client.html]
[slimhamdi.net/tunis-tailwind/demos/assets/img/slider/2.html]
[slimhamdi.net/tunis-tailwind/demos/assets/img/testimonials/bg-client-dark.html]
